ok blog-turnkey-interior-design-miami-40-day-process
ok boho-is-back-in-style-and-in-spaces
ok choosing-location-miami-interior-design-property-value
ok choosing-right-tiles-miami-interior-design
ok choosing-the-right-furniture-for-your-home
ok coastal-luxury-living-miami-oceanfront-design
ok custom-millwork-miami-high-end-interior-design
ok design-decisions-increase-property-value-miami
ok furnish-miami-home-from-abroad-international-buyers
ok high-end-interior-design-investment-miami
ok hotel-interior-design-miami-materials-design-layers
ok how-to-choose-an-interior-designer-what-to-consider-for-a-smart-investment
ok interior-design-for-developers-south-florida
ok interior-design-miami-materials-layers-luxury-interior-design-miami-materials
ok interior-design-trends-for-2026-paula-ambrosios-curated-vision-for-timeless-living
ok lighting-design-miami-interior-design
ok luxury-closet-design-miami
ok luxury-interior-design-for-investors-miami-real-estate-investment-interior-design-miami
ok luxury-interior-design-miami-south-florida
ok miami-hospitality-2025-where-design-meets-well-being
ok miami-interior-design-culture-lifestyle-interior-design-miami-cultural-influence
ok milan-design-inspiration-miami-interior-design
ok padel-in-miami-the-sport-redefining-leisure-and-networking-spaces
ok quality-of-life-how-interior-design-transforms-hospitality-into-experience
ok real-estate-investment-interior-design-miami
ok smart-home-automation-miami-interior-design
ok spa-bathroom-design-miami-natural-materials
ok stone-selection-miami-interior-design
ok the-benefits-of-a-turnkey-interior-design-service
ok the-ultimate-dream-garage-gym-where-passion-for-cars-meets-luxury-fitness
ok wall-design-layers-lighting-miami-luxury-wall-design-miami
ok wall-layers-interior-design-miami
ok welcome-to-the-magic-of-miami-s-interior-design-world
ok wellness-as-luxury-the-new-hospitality-trend-in-miami
ok why-well-designed-homes-sell-30-percent-faster
ok window-treatments-miami-interior-design
Fixed 36/36 covers
