┌─────────┬────────────────────────────────────────────┬─────────────────────────────────────────────────────────────────────────────────────────────────────┬──────────────┬────────────────────────────┬────────┬───────┬──────────────────────┐
│ (index) │ slug                                       │ title                                                                                               │ date         │ category                   │ images │ chars │ reason               │
├─────────┼────────────────────────────────────────────┼─────────────────────────────────────────────────────────────────────────────────────────────────────┼──────────────┼────────────────────────────┼────────┼───────┼──────────────────────┤
│ 0       │ 'blog-turnkey-interior-design-miami-40-da' │ 'Full Home Makeover in 40 Days: How Our Turnkey Interior Design Process Works Across South Florida' │ '2026-05-21' │ 'Turnkey Design'           │ 4      │ 8415  │                      │
│ 1       │ 'boho-is-back-in-style-and-in-spaces'      │ 'Boho is back — in style and in spaces.'                                                            │ '2025-03-11' │ 'Trends & Inspiration'     │ 4      │ 1106  │                      │
│ 2       │ 'choosing-location-miami-interior-design-' │ 'Choosing the Right Location in Miami: Lifestyle, Interior Design and Property Value.'              │ '2026-02-01' │ 'Real Estate & Investment' │ 12     │ 5427  │                      │
│ 3       │ 'choosing-right-tiles-miami-interior-desi' │ 'Choosing the Right Tiles in Miami Interior Design: Flooring, Well-Being and Timeless Elegance.'    │ '2026-01-31' │ 'Materials & Details'      │ 8      │ 5664  │                      │
│ 4       │ 'choosing-the-right-furniture-for-your-ho' │ 'Choosing the Right Furniture for Your Home: A Luxury Interior Designer’s Guide'                    │ '2026-08-02' │ 'Rooms & Spaces'           │ 5      │ 2549  │                      │
│ 5       │ 'coastal-luxury-living-miami-oceanfront-d' │ 'Coastal Luxury Living in Miami: Natural Materials, Light Woods and Timeless Oceanfront Design'     │ '2026-03-01' │ 'Materials & Details'      │ 8      │ 5630  │                      │
│ 6       │ 'custom-millwork-miami-high-end-interior-' │ 'Custom Millwork in Miami Interior Design: Built-In Solutions That Elevate High-End Projects.'      │ '2026-01-29' │ 'Materials & Details'      │ 9      │ 5339  │                      │
│ 7       │ 'design-decisions-increase-property-value' │                                                                                                     │              │                            │        │       │ 'body too short (0)' │
│ 8       │ 'furnish-miami-home-from-abroad-internati' │ 'How to Furnish a Miami Home From Abroad'                                                           │ '2026-08-20' │ 'Miami Living'             │ 7      │ 11564 │                      │
│ 9       │ 'high-end-interior-design-investment-miam' │ 'Why High-End Interior Design Is an Investment, Not a Cost in Miami.'                               │ '2026-03-23' │ 'Real Estate & Investment' │ 9      │ 4906  │                      │
│ 10      │ 'hotel-interior-design-miami-materials-de' │ 'Hotel Interior Design in Miami | Luxury Hospitality & Design Layers.'                              │ '2026-01-27' │ 'Hospitality Design'       │ 5      │ 5631  │                      │
│ 11      │ 'how-to-choose-an-interior-designer-what-' │                                                                                                     │              │                            │        │       │ 'body too short (0)' │
│ 12      │ 'interior-design-for-developers-south-flo' │ 'Interior Design for Developers and Investors in South Florida'                                     │ '2026-08-24' │ 'Real Estate & Investment' │ 3      │ 11212 │                      │
│ 13      │ 'interior-design-miami-materials-layers-l' │                                                                                                     │              │                            │        │       │ 'body too short (0)' │
│ 14      │ 'interior-design-trends-for-2026-paula-am' │ 'Interior Design Trends for 2026: Paula Ambrósio’s Curated Vision for Timeless Living in Miami'     │ '2025-12-17' │ 'Trends & Inspiration'     │ 9      │ 5810  │                      │
│ 15      │ 'lighting-design-miami-interior-design'    │                                                                                                     │              │                            │        │       │ 'body too short (0)' │
│ 16      │ 'luxury-closet-design-miami'               │                                                                                                     │              │                            │        │       │ 'body too short (0)' │
│ 17      │ 'luxury-interior-design-for-investors-mia' │                                                                                                     │              │                            │        │       │ 'body too short (0)' │
│ 18      │ 'luxury-interior-design-miami-south-flori' │ 'Luxury Interior Design in Miami, Coral Gables, Surfside, Boca Raton & Beyond'                      │ '2026-08-12' │ 'Interior Design'          │ 6      │ 7353  │                      │
│ 19      │ 'miami-hospitality-2025-where-design-meet' │ 'Miami Hospitality 2025: Where Design Meets Well-Being'                                             │ '2025-09-02' │ 'Hospitality Design'       │ 2      │ 1000  │                      │
│ 20      │ 'miami-interior-design-culture-lifestyle-' │                                                                                                     │              │                            │        │       │ 'body too short (0)' │
│ 21      │ 'milan-design-inspiration-miami-interior-' │ 'How to Find Inspiration in Interior Design: From Milan Design Week to Miami Living'                │ '2026-04-01' │ 'Trends & Inspiration'     │ 9      │ 4977  │                      │
│ 22      │ 'padel-in-miami-the-sport-redefining-leis' │ 'Padel in Miami: The Sport Redefining Leisure and Networking Spaces'                                │ '2025-09-02' │ 'Lifestyle & Culture'      │ 2      │ 952   │                      │
│ 23      │ 'quality-of-life-how-interior-design-tran' │ 'Quality of Life: How Interior Design Transforms Hospitality into Experience'                       │ '2025-09-02' │ 'Hospitality Design'       │ 2      │ 1014  │                      │
│ 24      │ 'real-estate-investment-interior-design-m' │                                                                                                     │              │                            │        │       │ 'body too short (0)' │
│ 25      │ 'smart-home-automation-miami-interior-des' │ 'Smart Homes in Miami: Automation, Scenes and the Future of Interior Design'                        │ '2026-02-03' │ 'Materials & Details'      │ 11     │ 5666  │                      │
│ 26      │ 'spa-bathroom-design-miami-natural-materi' │                                                                                                     │              │                            │        │       │ 'body too short (0)' │
│ 27      │ 'stone-selection-miami-interior-design'    │ 'Timeless Stone Selection in Miami Interior Design'                                                 │ '2026-01-28' │ 'Materials & Details'      │ 9      │ 5616  │                      │
│ 28      │ 'the-benefits-of-a-turnkey-interior-desig' │ 'The Benefits of a Turnkey Interior Design Service'                                                 │ '2025-08-27' │ 'Turnkey Design'           │ 2      │ 1750  │                      │
│ 29      │ 'the-ultimate-dream-garage-gym-where-pass' │                                                                                                     │              │                            │        │       │ 'body too short (0)' │
│ 30      │ 'wall-design-layers-lighting-miami-luxury' │ 'The Art of Layered Walls in Miami Interior Design'                                                 │ '2026-01-24' │ 'Materials & Details'      │ 4      │ 4630  │                      │
│ 31      │ 'wall-layers-interior-design-miami'        │ 'Wall Layers in Interior Design: Texture, Light and Art in Miami Homes'                             │ '2026-01-30' │ 'Materials & Details'      │ 7      │ 5293  │                      │
│ 32      │ 'welcome-to-the-magic-of-miami-s-interior' │                                                                                                     │              │                            │        │       │ 'body too short (0)' │
│ 33      │ 'wellness-as-luxury-the-new-hospitality-t' │ 'Wellness as Luxury: The New Hospitality Trend in Miami'                                            │ '2025-09-01' │ 'Hospitality Design'       │ 4      │ 1241  │                      │
│ 34      │ 'why-well-designed-homes-sell-30-percent-' │                                                                                                     │              │                            │        │       │ 'body too short (0)' │
│ 35      │ 'window-treatments-miami-interior-design'  │ 'Window Treatments in Miami Interior Design: Curtains, Shades and Light Control'                    │ '2026-02-02' │ 'Materials & Details'      │ 8      │ 5173  │                      │
└─────────┴────────────────────────────────────────────┴─────────────────────────────────────────────────────────────────────────────────────────────────────┴──────────────┴────────────────────────────┴────────┴───────┴──────────────────────┘
Done: 24 written, 149 images optimized
