  home-tr/01.jpg ok
  home-tr/02.jpg ok
  home-tr/03.jpg ok
  home-tr/04.jpg ok
  home-tr/05.jpg ok
  home-tr/06.jpg ok
  home-tr/07.jpg ok
  home-tr/08.jpg ok
  home-tr/09.jpg ok
  home-tr/10.jpg ok
home-tr: 10 images, MDX written
  home-m/01.jpg ok
  home-m/02.jpg ok
  home-m/03.jpg ok
  home-m/04.jpg ok
  home-m/05.jpg ok
  home-m/06.jpg ok
  home-m/07.jpg ok
  home-m/08.jpg ok
home-m: 8 images, MDX written
  home-aa/01.jpg ok
  home-aa/02.jpg ok
  home-aa/03.jpg ok
  home-aa/04.jpg ok
home-aa: 4 images, MDX written
  commercial-hs/01.jpg ok
  commercial-hs/02.jpg ok
  commercial-hs/03.jpg ok
  commercial-hs/04.jpg ok
  commercial-hs/05.jpg ok
  commercial-hs/06.jpg ok
  commercial-hs/07.jpg ok
  commercial-hs/08.jpg ok
  commercial-hs/09.jpg ok
  commercial-hs/10.jpg ok
  commercial-hs/11.jpg ok
  commercial-hs/12.jpg ok
  commercial-hs/13.jpg ok
  commercial-hs/14.jpg ok
  commercial-hs/15.jpg ok
  commercial-hs/16.jpg ok
  commercial-hs/17.jpg ok
  commercial-hs/18.jpg ok
  commercial-hs/19.jpg ok
  commercial-hs/20.jpg ok
  commercial-hs/21.jpg ok
  commercial-hs/22.jpg ok
  commercial-hs/23.jpg ok
  commercial-hs/24.jpg ok
  commercial-hs/25.jpg ok
  commercial-hs/26.jpg ok
  commercial-hs/27.jpg ok
  commercial-hs/28.jpg ok
  commercial-hs/29.jpg ok
  commercial-hs/30.jpg ok
  commercial-hs/31.jpg ok
  commercial-hs/32.jpg ok
  commercial-hs/33.jpg ok
commercial-hs: 33 images, MDX written
