[31m[1m12:51:35[22m [ERROR][39m [31m[CompilerError][39m Expected `,` or `)` but found `}`
  [1mStack trace:[22m
[2m    at C:/Users/Usuário/OneDrive/Documentos/Default Project/paulaambrosio-template/src/pages/projects/[slug].astro:273:2
    [...] See full stack trace in the browser, or rerun with --verbose.[22m
[31m[1m12:51:45[22m [ERROR][39m [31m[CompilerError][39m Expected `,` or `)` but found `}`
  [1mStack trace:[22m
[2m    at C:/Users/Usuário/OneDrive/Documentos/Default Project/paulaambrosio-template/src/pages/projects/[slug].astro:273:2
    [...] See full stack trace in the browser, or rerun with --verbose.[22m
[31m[1m12:52:35[22m [ERROR][39m [31m[CompilerError][39m Expected `,` or `)` but found `}`
  [1mStack trace:[22m
[2m    at handleCompileResultErrors (file:///C:/Users/Usu%C3%A1rio/OneDrive/Documentos/Default%20Project/paulaambrosio-template/node_modules/astro/dist/core/compile/compile.js:67:11)
    [...] See full stack trace in the browser, or rerun with --verbose.[22m
[31m[1m12:52:44[22m [ERROR][39m [31m[CompilerError][39m Expected `,` or `)` but found `}`
  [1mStack trace:[22m
[2m    at C:/Users/Usuário/OneDrive/Documentos/Default Project/paulaambrosio-template/src/pages/projects/[slug].astro:270:2
    [...] See full stack trace in the browser, or rerun with --verbose.[22m
[31m[1m12:53:10[22m [ERROR][39m [31m[CompilerError][39m Expected `,` or `)` but found `}`
  [1mStack trace:[22m
[2m    at handleCompileResultErrors (file:///C:/Users/Usu%C3%A1rio/OneDrive/Documentos/Default%20Project/paulaambrosio-template/node_modules/astro/dist/core/compile/compile.js:67:11)
    [...] See full stack trace in the browser, or rerun with --verbose.[22m
[31m[1m12:53:36[22m [ERROR][39m [31m[CompilerError][39m Expected `,` or `)` but found `}`
  [1mStack trace:[22m
[2m    at C:/Users/Usuário/OneDrive/Documentos/Default Project/paulaambrosio-template/src/pages/projects/[slug].astro:270:2
    [...] See full stack trace in the browser, or rerun with --verbose.[22m
[31m[1m12:55:46[22m [ERROR][39m [31m[CompilerError][39m Expected `,` or `)` but found `}`
  [1mStack trace:[22m
[2m    at handleCompileResultErrors (file:///C:/Users/Usu%C3%A1rio/OneDrive/Documentos/Default%20Project/paulaambrosio-template/node_modules/astro/dist/core/compile/compile.js:67:11)
    [...] See full stack trace in the browser, or rerun with --verbose.[22m
[31m[1m12:56:04[22m [ERROR][39m [31m[CompilerError][39m Expected `,` or `)` but found `}`
  [1mStack trace:[22m
[2m    at C:/Users/Usuário/OneDrive/Documentos/Default Project/paulaambrosio-template/src/pages/projects/[slug].astro:213:2
    [...] See full stack trace in the browser, or rerun with --verbose.[22m
[31m[1m12:58:16[22m [ERROR][39m [31m[CompilerError][39m Expected `,` or `)` but found `}`
  [1mStack trace:[22m
[2m    at handleCompileResultErrors (file:///C:/Users/Usu%C3%A1rio/OneDrive/Documentos/Default%20Project/paulaambrosio-template/node_modules/astro/dist/core/compile/compile.js:67:11)
    [...] See full stack trace in the browser, or rerun with --verbose.[22m
[31m[1m12:58:34[22m [ERROR][39m [31m[CompilerError][39m Expected `,` or `)` but found `}`
  [1mStack trace:[22m
[2m    at C:/Users/Usuário/OneDrive/Documentos/Default Project/paulaambrosio-template/src/pages/projects/[slug].astro:214:2
    [...] See full stack trace in the browser, or rerun with --verbose.[22m
[31m[1m12:59:40[22m [ERROR][39m [31m[CompilerError][39m Expected `,` or `)` but found `}`
  [1mStack trace:[22m
[2m    at handleCompileResultErrors (file:///C:/Users/Usu%C3%A1rio/OneDrive/Documentos/Default%20Project/paulaambrosio-template/node_modules/astro/dist/core/compile/compile.js:67:11)
    [...] See full stack trace in the browser, or rerun with --verbose.[22m
[31m[1m12:59:56[22m [ERROR][39m [31m[CompilerError][39m Expected `,` or `)` but found `}`
  [1mStack trace:[22m
[2m    at C:/Users/Usuário/OneDrive/Documentos/Default Project/paulaambrosio-template/src/pages/projects/[slug].astro:216:2
    [...] See full stack trace in the browser, or rerun with --verbose.[22m
[31m[1m13:01:37[22m [ERROR][39m ReferenceError: gallery is not defined
    at Object.default (eval at runInlinedModule (file:///C:/Users/Usu%C3%A1rio/OneDrive/Documentos/Default%20Project/paulaambrosio-template/node_modules/astro/node_modules/vite/dist/node/module-runner.js:809:9), <anonymous>:100:2516)
    at new AstroComponentInstance (eval at runInlinedModule (file:///C:/Users/Usu%C3%A1rio/OneDrive/Documentos/Default%20Project/paulaambrosio-template/node_modules/astro/node_modules/vite/dist/node/module-runner.js:809:9), <anonymous>:30:30)
    at createAstroComponentInstance (eval at runInlinedModule (file:///C:/Users/Usu%C3%A1rio/OneDrive/Documentos/Default%20Project/paulaambrosio-template/node_modules/astro/node_modules/vite/dist/node/module-runner.js:809:9), <anonymous>:85:20)
    at renderAstroComponent (eval at runInlinedModule (file:///C:/Users/Usu%C3%A1rio/OneDrive/Documentos/Default%20Project/paulaambrosio-template/node_modules/astro/node_modules/vite/dist/node/module-runner.js:809:9), <anonymous>:381:74)
    at renderComponent (eval at runInlinedModule (file:///C:/Users/Usu%C3%A1rio/OneDrive/Documentos/Default%20Project/paulaambrosio-template/node_modules/astro/node_modules/vite/dist/node/module-runner.js:809:9), <anonymous>:402:12)
    at eval (eval at runInlinedModule (file:///C:/Users/Usu%C3%A1rio/OneDrive/Documentos/Default%20Project/paulaambrosio-template/node_modules/astro/node_modules/vite/dist/node/module-runner.js:809:9), <anonymous>:78:81)
    at async callComponentAsTemplateResultOrResponse (eval at runInlinedModule (file:///C:/Users/Usu%C3%A1rio/OneDrive/Documentos/Default%20Project/paulaambrosio-template/node_modules/astro/node_modules/vite/dist/node/module-runner.js:809:9), <anonymous>:213:25)
    at async renderToAsyncIterable (eval at runInlinedModule (file:///C:/Users/Usu%C3%A1rio/OneDrive/Documentos/Default%20Project/paulaambrosio-template/node_modules/astro/node_modules/vite/dist/node/module-runner.js:809:9), <anonymous>:245:26)
    at async renderPage (eval at runInlinedModule (file:///C:/Users/Usu%C3%A1rio/OneDrive/Documentos/Default%20Project/paulaambrosio-template/node_modules/astro/node_modules/vite/dist/node/module-runner.js:809:9), <anonymous>:55:24)
    at async handlePages (eval at runInlinedModule (file:///C:/Users/Usu%C3%A1rio/OneDrive/Documentos/Default%20Project/paulaambrosio-template/node_modules/astro/node_modules/vite/dist/node/module-runner.js:809:9), <anonymous>:40:20)
[31m[1m13:01:37[22m [ERROR][39m gallery is not defined
  [1mStack trace:[22m
[2m    at C:\Users\Usuário\OneDrive\Documentos\Default Project\paulaambrosio-template\eval at runInlinedModule (file:\C:\Users\Usu%C3%A1rio\OneDrive\Documentos\Default%20Project\paulaambrosio-template\node_modules\astro\node_modules\vite\dist\node\module-runner.js:809:9
    [...] See full stack trace in the browser, or rerun with --verbose.[22m
[31m[1m13:01:51[22m [ERROR][39m ReferenceError: gallery is not defined
    at Object.default (eval at runInlinedModule (file:///C:/Users/Usu%C3%A1rio/OneDrive/Documentos/Default%20Project/paulaambrosio-template/node_modules/astro/node_modules/vite/dist/node/module-runner.js:809:9), <anonymous>:100:2516)
    at new AstroComponentInstance (eval at runInlinedModule (file:///C:/Users/Usu%C3%A1rio/OneDrive/Documentos/Default%20Project/paulaambrosio-template/node_modules/astro/node_modules/vite/dist/node/module-runner.js:809:9), <anonymous>:30:30)
    at createAstroComponentInstance (eval at runInlinedModule (file:///C:/Users/Usu%C3%A1rio/OneDrive/Documentos/Default%20Project/paulaambrosio-template/node_modules/astro/node_modules/vite/dist/node/module-runner.js:809:9), <anonymous>:85:20)
    at renderAstroComponent (eval at runInlinedModule (file:///C:/Users/Usu%C3%A1rio/OneDrive/Documentos/Default%20Project/paulaambrosio-template/node_modules/astro/node_modules/vite/dist/node/module-runner.js:809:9), <anonymous>:381:74)
    at renderComponent (eval at runInlinedModule (file:///C:/Users/Usu%C3%A1rio/OneDrive/Documentos/Default%20Project/paulaambrosio-template/node_modules/astro/node_modules/vite/dist/node/module-runner.js:809:9), <anonymous>:402:12)
    at eval (eval at runInlinedModule (file:///C:/Users/Usu%C3%A1rio/OneDrive/Documentos/Default%20Project/paulaambrosio-template/node_modules/astro/node_modules/vite/dist/node/module-runner.js:809:9), <anonymous>:78:81)
    at async callComponentAsTemplateResultOrResponse (eval at runInlinedModule (file:///C:/Users/Usu%C3%A1rio/OneDrive/Documentos/Default%20Project/paulaambrosio-template/node_modules/astro/node_modules/vite/dist/node/module-runner.js:809:9), <anonymous>:213:25)
    at async renderToAsyncIterable (eval at runInlinedModule (file:///C:/Users/Usu%C3%A1rio/OneDrive/Documentos/Default%20Project/paulaambrosio-template/node_modules/astro/node_modules/vite/dist/node/module-runner.js:809:9), <anonymous>:245:26)
    at async renderPage (eval at runInlinedModule (file:///C:/Users/Usu%C3%A1rio/OneDrive/Documentos/Default%20Project/paulaambrosio-template/node_modules/astro/node_modules/vite/dist/node/module-runner.js:809:9), <anonymous>:55:24)
    at async handlePages (eval at runInlinedModule (file:///C:/Users/Usu%C3%A1rio/OneDrive/Documentos/Default%20Project/paulaambrosio-template/node_modules/astro/node_modules/vite/dist/node/module-runner.js:809:9), <anonymous>:40:20)
[31m[1m13:01:51[22m [ERROR][39m gallery is not defined
  [1mStack trace:[22m
[2m    at Object.default (eval at runInlinedModule (file:///C:/Users/Usu%C3%A1rio/OneDrive/Documentos/Default%20Project/paulaambrosio-template/node_modules/astro/node_modules/vite/dist/node/module-runner.js:809:9), <anonymous>:100:2516)
    [...] See full stack trace in the browser, or rerun with --verbose.[22m
[31m[1m13:02:12[22m [ERROR][39m ReferenceError: gallery is not defined
    at Object.default (eval at runInlinedModule (file:///C:/Users/Usu%C3%A1rio/OneDrive/Documentos/Default%20Project/paulaambrosio-template/node_modules/astro/node_modules/vite/dist/node/module-runner.js:809:9), <anonymous>:100:2516)
    at new AstroComponentInstance (eval at runInlinedModule (file:///C:/Users/Usu%C3%A1rio/OneDrive/Documentos/Default%20Project/paulaambrosio-template/node_modules/astro/node_modules/vite/dist/node/module-runner.js:809:9), <anonymous>:30:30)
    at createAstroComponentInstance (eval at runInlinedModule (file:///C:/Users/Usu%C3%A1rio/OneDrive/Documentos/Default%20Project/paulaambrosio-template/node_modules/astro/node_modules/vite/dist/node/module-runner.js:809:9), <anonymous>:85:20)
    at renderAstroComponent (eval at runInlinedModule (file:///C:/Users/Usu%C3%A1rio/OneDrive/Documentos/Default%20Project/paulaambrosio-template/node_modules/astro/node_modules/vite/dist/node/module-runner.js:809:9), <anonymous>:381:74)
    at renderComponent (eval at runInlinedModule (file:///C:/Users/Usu%C3%A1rio/OneDrive/Documentos/Default%20Project/paulaambrosio-template/node_modules/astro/node_modules/vite/dist/node/module-runner.js:809:9), <anonymous>:402:12)
    at eval (eval at runInlinedModule (file:///C:/Users/Usu%C3%A1rio/OneDrive/Documentos/Default%20Project/paulaambrosio-template/node_modules/astro/node_modules/vite/dist/node/module-runner.js:809:9), <anonymous>:78:81)
    at process.processTicksAndRejections (node:internal/process/task_queues:103:5)
    at async callComponentAsTemplateResultOrResponse (eval at runInlinedModule (file:///C:/Users/Usu%C3%A1rio/OneDrive/Documentos/Default%20Project/paulaambrosio-template/node_modules/astro/node_modules/vite/dist/node/module-runner.js:809:9), <anonymous>:213:25)
    at async renderToAsyncIterable (eval at runInlinedModule (file:///C:/Users/Usu%C3%A1rio/OneDrive/Documentos/Default%20Project/paulaambrosio-template/node_modules/astro/node_modules/vite/dist/node/module-runner.js:809:9), <anonymous>:245:26)
    at async renderPage (eval at runInlinedModule (file:///C:/Users/Usu%C3%A1rio/OneDrive/Documentos/Default%20Project/paulaambrosio-template/node_modules/astro/node_modules/vite/dist/node/module-runner.js:809:9), <anonymous>:55:24)
[31m[1m13:02:12[22m [ERROR][39m gallery is not defined
  [1mStack trace:[22m
[2m    at Object.default (eval at runInlinedModule (file:///C:/Users/Usu%C3%A1rio/OneDrive/Documentos/Default%20Project/paulaambrosio-template/node_modules/astro/node_modules/vite/dist/node/module-runner.js:809:9), <anonymous>:100:2516)
    [...] See full stack trace in the browser, or rerun with --verbose.[22m
[31m[1m13:03:11[22m [ERROR][39m [31m[ExpectedImage][39m Expected `src` property for `getImage` or `<Image />` to be either an ESM imported image or a string with the path of a remote image. Received `undefined` (type: `undefined`).

Full serialized options received: `{"alt":"COMMERCIAL HS — Miami, Florida detail 1","widths":[600,1000],"sizes":"(min-width: 768px) 50vw, 100vw","loading":"lazy","quality":55,"decoding":"async","class":"aspect-[4/3] w-full object-cover motion-safe:transition-transform motion-safe:duration-700 group-hover:scale-[1.03]"}`.
  [1mHint:[22m
[33m    This error can often happen because of a wrong path. Make sure the path to your image is correct. If you're passing an async function, make sure to call and await it.[39m
  [1mError reference:[22m
    [36m[4mhttps://docs.astro.build/en/reference/errors/expected-image/[24m[39m
  [1mStack trace:[22m
[2m    at getImage (eval at runInlinedModule (file:///C:/Users/Usu%C3%A1rio/OneDrive/Documentos/Default%20Project/paulaambrosio-template/node_modules/astro/node_modules/vite/dist/node/module-runner.js:809:9), <anonymous>:57:11)
    [...] See full stack trace in the browser, or rerun with --verbose.[22m
[31m[1m13:04:15[22m [ERROR][39m [31m[ExpectedImage][39m Expected `src` property for `getImage` or `<Image />` to be either an ESM imported image or a string with the path of a remote image. Received `undefined` (type: `undefined`).

Full serialized options received: `{"alt":"COMMERCIAL HS — Miami, Florida detail 1","widths":[600,1000],"sizes":"(min-width: 768px) 50vw, 100vw","loading":"lazy","quality":55,"decoding":"async","class":"aspect-[4/3] w-full object-cover motion-safe:transition-transform motion-safe:duration-700 group-hover:scale-[1.03]"}`.
  [1mHint:[22m
[33m    This error can often happen because of a wrong path. Make sure the path to your image is correct. If you're passing an async function, make sure to call and await it.[39m
  [1mError reference:[22m
    [36m[4mhttps://docs.astro.build/en/reference/errors/expected-image/[24m[39m
  [1mStack trace:[22m
[2m    at getImage (eval at runInlinedModule (file:///C:/Users/Usu%C3%A1rio/OneDrive/Documentos/Default%20Project/paulaambrosio-template/node_modules/astro/node_modules/vite/dist/node/module-runner.js:809:9), <anonymous>:57:11)
    at eval (eval at runInlinedModule (file:///C:/Users/Usu%C3%A1rio/OneDrive/Documentos/Default%20Project/paulaambrosio-template/node_modules/astro/node_modules/vite/dist/node/module-runner.js:809:9), <anonymous>:37:56)
    at AstroComponentInstance.init (eval at runInlinedModule (file:///C:/Users/Usu%C3%A1rio/OneDrive/Documentos/Default%20Project/paulaambrosio-template/node_modules/astro/node_modules/vite/dist/node/module-runner.js:809:9), <anonymous>:47:29)
    at Object.render (eval at runInlinedModule (file:///C:/Users/Usu%C3%A1rio/OneDrive/Documentos/Default%20Project/paulaambrosio-template/node_modules/astro/node_modules/vite/dist/node/module-runner.js:809:9), <anonymous>:384:23)
    at RenderTemplateResult.render (eval at runInlinedModule (file:///C:/Users/Usu%C3%A1rio/OneDrive/Documentos/Default%20Project/paulaambrosio-template/node_modules/astro/node_modules/vite/dist/node/module-runner.js:809:9), <anonymous>:46:59)[22m
[31m[1m13:04:24[22m [ERROR][39m [31m[ExpectedImage][39m Expected `src` property for `getImage` or `<Image />` to be either an ESM imported image or a string with the path of a remote image. Received `undefined` (type: `undefined`).

Full serialized options received: `{"alt":"COMMERCIAL HS — Miami, Florida detail 1","widths":[600,1000],"sizes":"(min-width: 768px) 50vw, 100vw","loading":"lazy","quality":55,"decoding":"async","class":"aspect-[4/3] w-full object-cover motion-safe:transition-transform motion-safe:duration-700 group-hover:scale-[1.03]"}`.
  [1mHint:[22m
[33m    This error can often happen because of a wrong path. Make sure the path to your image is correct. If you're passing an async function, make sure to call and await it.[39m
  [1mError reference:[22m
    [36m[4mhttps://docs.astro.build/en/reference/errors/expected-image/[24m[39m
  [1mStack trace:[22m
[2m    at getImage (eval at runInlinedModule (file:///C:/Users/Usu%C3%A1rio/OneDrive/Documentos/Default%20Project/paulaambrosio-template/node_modules/astro/node_modules/vite/dist/node/module-runner.js:809:9), <anonymous>:57:11)
    [...] See full stack trace in the browser, or rerun with --verbose.[22m
[31m[1m13:04:49[22m [ERROR][39m [31m[ExpectedImage][39m Expected `src` property for `getImage` or `<Image />` to be either an ESM imported image or a string with the path of a remote image. Received `undefined` (type: `undefined`).

Full serialized options received: `{"alt":"COMMERCIAL HS — Miami, Florida detail 1","widths":[600,1000],"sizes":"(min-width: 768px) 50vw, 100vw","loading":"lazy","quality":55,"decoding":"async","class":"aspect-[4/3] w-full object-cover motion-safe:transition-transform motion-safe:duration-700 group-hover:scale-[1.03]"}`.
  [1mHint:[22m
[33m    This error can often happen because of a wrong path. Make sure the path to your image is correct. If you're passing an async function, make sure to call and await it.[39m
  [1mError reference:[22m
    [36m[4mhttps://docs.astro.build/en/reference/errors/expected-image/[24m[39m
  [1mStack trace:[22m
[2m    at getImage (eval at runInlinedModule (file:///C:/Users/Usu%C3%A1rio/OneDrive/Documentos/Default%20Project/paulaambrosio-template/node_modules/astro/node_modules/vite/dist/node/module-runner.js:809:9), <anonymous>:57:11)
    at eval (eval at runInlinedModule (file:///C:/Users/Usu%C3%A1rio/OneDrive/Documentos/Default%20Project/paulaambrosio-template/node_modules/astro/node_modules/vite/dist/node/module-runner.js:809:9), <anonymous>:37:56)
    at AstroComponentInstance.init (eval at runInlinedModule (file:///C:/Users/Usu%C3%A1rio/OneDrive/Documentos/Default%20Project/paulaambrosio-template/node_modules/astro/node_modules/vite/dist/node/module-runner.js:809:9), <anonymous>:47:29)
    at Object.render (eval at runInlinedModule (file:///C:/Users/Usu%C3%A1rio/OneDrive/Documentos/Default%20Project/paulaambrosio-template/node_modules/astro/node_modules/vite/dist/node/module-runner.js:809:9), <anonymous>:384:23)
    at RenderTemplateResult.render (eval at runInlinedModule (file:///C:/Users/Usu%C3%A1rio/OneDrive/Documentos/Default%20Project/paulaambrosio-template/node_modules/astro/node_modules/vite/dist/node/module-runner.js:809:9), <anonymous>:46:59)[22m
[31m[1m13:05:51[22m [ERROR][39m [31m[ExpectedImage][39m Expected `src` property for `getImage` or `<Image />` to be either an ESM imported image or a string with the path of a remote image. Received `undefined` (type: `undefined`).

Full serialized options received: `{"alt":"COMMERCIAL HS — Miami, Florida detail 1","widths":[600,1000],"sizes":"(min-width: 768px) 50vw, 100vw","loading":"lazy","quality":55,"decoding":"async","class":"aspect-[4/3] w-full object-cover motion-safe:transition-transform motion-safe:duration-700 group-hover:scale-[1.03]"}`.
  [1mHint:[22m
[33m    This error can often happen because of a wrong path. Make sure the path to your image is correct. If you're passing an async function, make sure to call and await it.[39m
  [1mError reference:[22m
    [36m[4mhttps://docs.astro.build/en/reference/errors/expected-image/[24m[39m
  [1mStack trace:[22m
[2m    at getImage (eval at runInlinedModule (file:///C:/Users/Usu%C3%A1rio/OneDrive/Documentos/Default%20Project/paulaambrosio-template/node_modules/astro/node_modules/vite/dist/node/module-runner.js:809:9), <anonymous>:57:11)
    [...] See full stack trace in the browser, or rerun with --verbose.[22m
[31m[1m14:13:41[22m [ERROR][39m Could not import `../../lib/seo`.
  [1mHint:[22m
[33m    This is often caused by a typo in the import path. Please make sure the file exists.[39m
  [1mError reference:[22m
    [36m[4mhttps://docs.astro.build/en/reference/errors/failed-to-load-module-ssr/[24m[39m
  [1mStack trace:[22m
[2m    at C:\Users\Usuário\OneDrive\Documentos\Default Project\paulaambrosio-template\C:\Users\Usuário\OneDrive\Documentos\Default Project\paulaambrosio-template\src\pages\index.astro:7:45
    [...] See full stack trace in the browser, or rerun with --verbose.[22m
[31m[1m14:13:49[22m [ERROR] [vite][39m An error happened during full reload
Failed to load url ../../lib/seo (resolved id: ../../lib/seo) in C:/Users/Usuário/OneDrive/Documentos/Default Project/paulaambrosio-template/src/pages/index.astro. Does the file exist?
Error: Failed to load url ../../lib/seo (resolved id: ../../lib/seo) in C:/Users/Usuário/OneDrive/Documentos/Default Project/paulaambrosio-template/src/pages/index.astro. Does the file exist?
    at loadAndTransform (file:///C:/Users/Usu%C3%A1rio/OneDrive/Documentos/Default%20Project/paulaambrosio-template/node_modules/astro/node_modules/vite/dist/node/chunks/node.js:19623:31)
    at async fetchModule (file:///C:/Users/Usu%C3%A1rio/OneDrive/Documentos/Default%20Project/paulaambrosio-template/node_modules/astro/node_modules/vite/dist/node/chunks/node.js:35529:15)
    at async handleInvoke (file:///C:/Users/Usu%C3%A1rio/OneDrive/Documentos/Default%20Project/paulaambrosio-template/node_modules/astro/node_modules/vite/dist/node/chunks/node.js:24774:21)
    at async EventEmitter.listenerForInvokeHandler (file:///C:/Users/Usu%C3%A1rio/OneDrive/Documentos/Default%20Project/paulaambrosio-template/node_modules/astro/node_modules/vite/dist/node/chunks/node.js:24829:13)
[31m[1m14:13:49[22m [ERROR][39m Could not import `../../lib/seo`.
  [1mHint:[22m
[33m    This is often caused by a typo in the import path. Please make sure the file exists.[39m
  [1mError reference:[22m
    [36m[4mhttps://docs.astro.build/en/reference/errors/failed-to-load-module-ssr/[24m[39m
  [1mStack trace:[22m
[2m    at C:\Users\Usuário\OneDrive\Documentos\Default Project\paulaambrosio-template\C:\Users\Usuário\OneDrive\Documentos\Default Project\paulaambrosio-template\src\pages\index.astro:7:45
    [...] See full stack trace in the browser, or rerun with --verbose.[22m
[31m[1m14:13:56[22m [ERROR] [vite][39m An error happened during full reload
Failed to load url ../../lib/seo (resolved id: ../../lib/seo) in C:/Users/Usuário/OneDrive/Documentos/Default Project/paulaambrosio-template/src/pages/index.astro. Does the file exist?
Error: Failed to load url ../../lib/seo (resolved id: ../../lib/seo) in C:/Users/Usuário/OneDrive/Documentos/Default Project/paulaambrosio-template/src/pages/index.astro. Does the file exist?
    at loadAndTransform (file:///C:/Users/Usu%C3%A1rio/OneDrive/Documentos/Default%20Project/paulaambrosio-template/node_modules/astro/node_modules/vite/dist/node/chunks/node.js:19623:31)
    at async fetchModule (file:///C:/Users/Usu%C3%A1rio/OneDrive/Documentos/Default%20Project/paulaambrosio-template/node_modules/astro/node_modules/vite/dist/node/chunks/node.js:35529:15)
    at async handleInvoke (file:///C:/Users/Usu%C3%A1rio/OneDrive/Documentos/Default%20Project/paulaambrosio-template/node_modules/astro/node_modules/vite/dist/node/chunks/node.js:24774:21)
    at async EventEmitter.listenerForInvokeHandler (file:///C:/Users/Usu%C3%A1rio/OneDrive/Documentos/Default%20Project/paulaambrosio-template/node_modules/astro/node_modules/vite/dist/node/chunks/node.js:24829:13)
[31m[1m14:13:56[22m [ERROR][39m Could not import `../../lib/seo`.
  [1mHint:[22m
[33m    This is often caused by a typo in the import path. Please make sure the file exists.[39m
  [1mError reference:[22m
    [36m[4mhttps://docs.astro.build/en/reference/errors/failed-to-load-module-ssr/[24m[39m
  [1mStack trace:[22m
[2m    at C:\Users\Usuário\OneDrive\Documentos\Default Project\paulaambrosio-template\C:\Users\Usuário\OneDrive\Documentos\Default Project\paulaambrosio-template\src\pages\index.astro:7:45
    [...] See full stack trace in the browser, or rerun with --verbose.[22m
[31m[1m14:13:59[22m [ERROR] [vite][39m An error happened during full reload
Failed to load url ../../lib/seo (resolved id: ../../lib/seo) in C:/Users/Usuário/OneDrive/Documentos/Default Project/paulaambrosio-template/src/pages/index.astro. Does the file exist?
Error: Failed to load url ../../lib/seo (resolved id: ../../lib/seo) in C:/Users/Usuário/OneDrive/Documentos/Default Project/paulaambrosio-template/src/pages/index.astro. Does the file exist?
    at loadAndTransform (file:///C:/Users/Usu%C3%A1rio/OneDrive/Documentos/Default%20Project/paulaambrosio-template/node_modules/astro/node_modules/vite/dist/node/chunks/node.js:19623:31)
    at async fetchModule (file:///C:/Users/Usu%C3%A1rio/OneDrive/Documentos/Default%20Project/paulaambrosio-template/node_modules/astro/node_modules/vite/dist/node/chunks/node.js:35529:15)
    at async handleInvoke (file:///C:/Users/Usu%C3%A1rio/OneDrive/Documentos/Default%20Project/paulaambrosio-template/node_modules/astro/node_modules/vite/dist/node/chunks/node.js:24774:21)
    at async EventEmitter.listenerForInvokeHandler (file:///C:/Users/Usu%C3%A1rio/OneDrive/Documentos/Default%20Project/paulaambrosio-template/node_modules/astro/node_modules/vite/dist/node/chunks/node.js:24829:13)
[31m[1m14:13:59[22m [ERROR][39m Could not import `../../lib/seo`.
  [1mHint:[22m
[33m    This is often caused by a typo in the import path. Please make sure the file exists.[39m
  [1mError reference:[22m
    [36m[4mhttps://docs.astro.build/en/reference/errors/failed-to-load-module-ssr/[24m[39m
  [1mStack trace:[22m
[2m    at loadAndTransform (file:///C:/Users/Usu%C3%A1rio/OneDrive/Documentos/Default%20Project/paulaambrosio-template/node_modules/astro/node_modules/vite/dist/node/chunks/node.js:19623:31)
    [...] See full stack trace in the browser, or rerun with --verbose.[22m
[31m[1m14:14:01[22m [ERROR] [vite][39m An error happened during full reload
Failed to load url ../../lib/seo (resolved id: ../../lib/seo) in C:/Users/Usuário/OneDrive/Documentos/Default Project/paulaambrosio-template/src/pages/index.astro. Does the file exist?
Error: Failed to load url ../../lib/seo (resolved id: ../../lib/seo) in C:/Users/Usuário/OneDrive/Documentos/Default Project/paulaambrosio-template/src/pages/index.astro. Does the file exist?
    at loadAndTransform (file:///C:/Users/Usu%C3%A1rio/OneDrive/Documentos/Default%20Project/paulaambrosio-template/node_modules/astro/node_modules/vite/dist/node/chunks/node.js:19623:31)
    at async fetchModule (file:///C:/Users/Usu%C3%A1rio/OneDrive/Documentos/Default%20Project/paulaambrosio-template/node_modules/astro/node_modules/vite/dist/node/chunks/node.js:35529:15)
    at async handleInvoke (file:///C:/Users/Usu%C3%A1rio/OneDrive/Documentos/Default%20Project/paulaambrosio-template/node_modules/astro/node_modules/vite/dist/node/chunks/node.js:24774:21)
    at async EventEmitter.listenerForInvokeHandler (file:///C:/Users/Usu%C3%A1rio/OneDrive/Documentos/Default%20Project/paulaambrosio-template/node_modules/astro/node_modules/vite/dist/node/chunks/node.js:24829:13)
[31m[1m14:14:01[22m [ERROR][39m Could not import `../../lib/seo`.
  [1mHint:[22m
[33m    This is often caused by a typo in the import path. Please make sure the file exists.[39m
  [1mError reference:[22m
    [36m[4mhttps://docs.astro.build/en/reference/errors/failed-to-load-module-ssr/[24m[39m
  [1mStack trace:[22m
[2m    at C:\Users\Usuário\OneDrive\Documentos\Default Project\paulaambrosio-template\C:\Users\Usuário\OneDrive\Documentos\Default Project\paulaambrosio-template\src\pages\index.astro:7:45
    [...] See full stack trace in the browser, or rerun with --verbose.[22m
[31m[1m14:50:38[22m [ERROR] [router][39m Failed to update routes via HMR:
 Error: transport invoke timed out after 60000ms (data: {"type":"custom","event":"vite:invoke","data":{"name":"fetchModule","id":"send:Cu0gMdOIrRYFoMIRBVaeO","data":["/@id/__x00__virtual:astro:routes","C:/Users/Usuário/OneDrive/Documentos/Default Project/paulaambrosio-template/node_modules/astro/dist/vite-plugin-app/createAstroServerApp.js",{"cached":true,"startOffset":3}]}})
